---
source: pkg/pocket/src/modify.rs
expression: "AddUrlRequest::new(url)"
---
{
  "action": "add",
  "url": "https://example.com/",
  "tags": ""
}
